     1                                  ;硬盘主引导扇区代码
     2                                  ;测试
     3                                  
     4                                  section code  vstart=0x7c00          ;代码段
     5                                      start:
     6 00000000 B8C007                          mov ax,0x7c0     ;设置数据段基址
     7 00000003 8ED8                            mov ds,ax
     8                                  
     9 00000005 B800B8                          mov ax,0xb800     ;设置附加段基址，就是显存起始地址
    10 00000008 8EC0                            mov es,ax   
    11                                  
    12                                          ;以下显示字符串,使用循环的方式传送字符串
    13 0000000A BB[2C00]                        mov bx,message
    14 0000000D B8[3600]                        mov ax,data_end
    15 00000010 B8[3600]                        mov ax,message2
    16 00000013 B8[0000]                        mov ax,section.code.start
    17 00000016 BF400B                          mov di,2880           ;将显卡偏移地址设置到目标索引寄存器,设置到第20行 
    18 00000019 B90A00                          mov cx,data_end-message
    19                                      ;显示到显存 输入ds:bx字符串地址    
    20                                      show:
    21 0000001C 8A07                            mov al,[bx]     ;获取message处的内容
    22 0000001E 268805                          mov [es:di],al  ;转移到显存
    23 00000021 47                              inc di          ;递增di
    24 00000022 26C60507                        mov byte [es:di],0x07   ;设置显示属性，黑底白字
    25 00000026 47                              inc di
    26 00000027 43                              inc bx          
    27 00000028 E2F2                            loop show        ;先将cx值减一，如果cx的值不为0，则执行循环，否则向下继续执行
    28                                      
    29 0000002A EBFE                        jmp $
    30                                      ;数据段
    31 0000002C 313233343536373839-         message db '1234567890'
    31 00000035 30                 
    32                                      data_end:
    33 00000036 203A303030                  message2 db ' :000'
    34                                  
    35 0000003B 00<rep 1C3h>                times 510-($-$$)  db  0;剩余的字节数用0填充，'$$'表示当前段的起始地址，'$-$$'正好是当前程序的字节大小
    36 000001FE 55AA                                          db  0x55,0xaa;引导扇区结束标识
