     1                                  ;硬盘主引导扇区代码
     2                                  ;过程调用测试
     3                                  
     4                                  section code            ;代码段
     5 00000000 EA157C0000                  jmp 0x0000:0x7c15
     6                                    ;显示到显存 输入ds:bx字符串地址    
     7                                      show:
     8 00000005 8A07                            mov al,[bx]     ;获取message处的内容
     9 00000007 268805                          mov [es:di],al  ;转移到显存
    10 0000000A 47                              inc di          ;递增di
    11 0000000B 26C60507                        mov byte [es:di],0x07   ;设置显示属性，黑底白字
    12 0000000F 47                              inc di
    13 00000010 43                              inc bx          
    14 00000011 E2F2                            loop show        ;先将cx值减一，如果cx的值不为0，则执行循环，否则向下继续执行
    15 00000013 EB21                            jmp end
    16                                      start:
    17 00000015 B8C007                          mov ax,0x7c0     ;设置数据段基址
    18 00000018 8ED8                            mov ds,ax
    19                                  
    20 0000001A B800B8                          mov ax,0xb800     ;设置附加段基址，就是显存起始地址
    21 0000001D 8EC0                            mov es,ax   
    22                                  
    23                                          ;以下显示字符串,使用循环的方式传送字符串
    24 0000001F BB[3800]                        mov bx,message
    25 00000022 B8[4200]                        mov ax,data_end
    26 00000025 B8[4200]                        mov ax,message2
    27 00000028 B8[0000]                        mov ax,section.code.start
    28 0000002B BF400B                          mov di,2880           ;将显卡偏移地址设置到目标索引寄存器,设置到第20行 
    29 0000002E B90A00                          mov cx,data_end-message
    30 00000031 9A057C0000                      call 0x0000:0x7c05
    31                                      end:
    32 00000036 EBFE                        jmp $
    33                                      ;数据段
    34 00000038 313233343536373839-         message db '1234567890'
    34 00000041 30                 
    35                                      data_end:
    36 00000042 203A303030                  message2 db ' :000'
    37                                  
    38 00000047 00<rep 1B7h>                times 510-($-$$)  db  0;剩余的字节数用0填充，'$$'表示当前段的起始地址，'$-$$'正好是当前程序的字节大小
    39 000001FE 55AA                                          db  0x55,0xaa;引导扇区结束标识
